[backblue.gif]
[fade.gif]
[index.html]
[d-themes.com/html/riode/images/icons/favicon.png]
[d-themes.com/html/riode/js/webfont.js]
[d-themes.com/html/riode/images/demos/demo2/logo.png]
[d-themes.com/html/riode/images/cart/product-1.jpg]
[d-themes.com/html/riode/images/cart/product-2.jpg]
[d-themes.com/html/riode/images/menu/banner-1.jpg]
[d-themes.com/html/riode/images/menu/banner-2.jpg]
[d-themes.com/html/riode/images/demos/demo2/slides/1.jpg]
[d-themes.com/html/riode/images/demos/demo2/slides/2.jpg]
[d-themes.com/html/riode/images/demos/demo2/banners/1.jpg]
[d-themes.com/html/riode/images/demos/demo2/banners/2.jpg]
[d-themes.com/html/riode/images/demos/demo2/products/1.jpg]
[d-themes.com/html/riode/images/demos/demo2/products/2.jpg]
[d-themes.com/html/riode/images/demos/demo2/products/3.jpg]
[d-themes.com/html/riode/images/demos/demo2/products/4.jpg]
[d-themes.com/html/riode/images/demos/demo2/products/5.jpg]
[d-themes.com/html/riode/images/demos/demo2/products/6.jpg]
[d-themes.com/html/riode/images/demos/demo2/products/7.jpg]
[d-themes.com/html/riode/images/demos/demo2/products/8.jpg]
[d-themes.com/html/riode/images/demos/demo2/category/1.jpg]
[d-themes.com/html/riode/images/demos/demo2/category/2.jpg]
[d-themes.com/html/riode/images/demos/demo2/category/3.jpg]
[d-themes.com/html/riode/images/demos/demo2/banners/3.jpg]
[d-themes.com/html/riode/images/demos/demo2/products/9.jpg]
[d-themes.com/html/riode/images/demos/demo2/products/10.jpg]
[d-themes.com/html/riode/images/demos/demo2/products/11.jpg]
[d-themes.com/html/riode/images/demos/demo2/products/12.jpg]
[d-themes.com/html/riode/images/demos/demo2/instagram/1.jpg]
[d-themes.com/html/riode/images/demos/demo2/instagram/2.jpg]
[d-themes.com/html/riode/images/demos/demo2/instagram/3.jpg]
[d-themes.com/html/riode/images/demos/demo2/instagram/4.jpg]
[d-themes.com/html/riode/images/demos/demo2/instagram/5.jpg]
[d-themes.com/html/riode/images/demos/demo2/logo-footer.png]
[d-themes.com/html/riode/images/payment.png]
[d-themes.com/html/riode/images/newsletter-popup.jpg]
[d-themes.com/html/riode/vendor/jquery/jquery.min.js]
[d-themes.com/html/riode/vendor/imagesloaded/imagesloaded.pkgd.min.js]
[d-themes.com/html/riode/vendor/elevatezoom/jquery.elevatezoom.min.js]
[d-themes.com/html/riode/vendor/magnific-popup/jquery.magnific-popup.min.js]
[d-themes.com/html/riode/vendor/isotope/isotope.pkgd.min.js]
[d-themes.com/html/riode/vendor/owl-carousel/owl.carousel.min.js]
[d-themes.com/html/riode/js/main.min.js]
[d-themes.com/html/riode/demo2.html]
[d-themes.com/html/riode/vendor/fontawesome-free/webfonts/fa-brands-400.eot]
[d-themes.com/html/riode/vendor/fontawesome-free/webfonts/fa-brands-400d41d.eot]
[d-themes.com/html/riode/vendor/fontawesome-free/webfonts/fa-brands-400.woff2]
[d-themes.com/html/riode/vendor/fontawesome-free/webfonts/fa-brands-400.woff]
[d-themes.com/html/riode/vendor/fontawesome-free/webfonts/fa-brands-400.ttf]
[d-themes.com/html/riode/vendor/fontawesome-free/webfonts/fa-regular-400.eot]
[d-themes.com/html/riode/vendor/fontawesome-free/webfonts/fa-regular-400d41d.eot]
[d-themes.com/html/riode/vendor/fontawesome-free/webfonts/fa-regular-400.woff2]
[d-themes.com/html/riode/vendor/fontawesome-free/webfonts/fa-regular-400.woff]
[d-themes.com/html/riode/vendor/fontawesome-free/webfonts/fa-regular-400.ttf]
[d-themes.com/html/riode/vendor/fontawesome-free/webfonts/fa-solid-900.eot]
[d-themes.com/html/riode/vendor/fontawesome-free/webfonts/fa-solid-900d41d.eot]
[d-themes.com/html/riode/vendor/fontawesome-free/webfonts/fa-solid-900.woff2]
[d-themes.com/html/riode/vendor/fontawesome-free/webfonts/fa-solid-900.woff]
[d-themes.com/html/riode/vendor/fontawesome-free/webfonts/fa-solid-900.ttf]
[d-themes.com/html/riode/vendor/fontawesome-free/css/all.min.css]
[d-themes.com/html/riode/vendor/animate/animate.min.css]
[d-themes.com/html/riode/vendor/magnific-popup/magnific-popup.min.css]
[d-themes.com/html/riode/vendor/owl-carousel/owl.carousel.min.css]
[d-themes.com/html/riode/fonts/riode115b.eot]
[d-themes.com/html/riode/fonts/riode115b.ttf]
[d-themes.com/html/riode/fonts/riode115b.woff]
[d-themes.com/html/riode/css/demo2.min.css]
[d-themes.com/html/riode/images/logo.png]
[d-themes.com/html/riode/images/page-header/contact-us.jpg]
[d-themes.com/html/riode/images/subpages/store-1.jpg]
[d-themes.com/html/riode/images/subpages/store-2.jpg]
[d-themes.com/html/riode/images/subpages/store-3.jpg]
[d-themes.com/html/riode/images/subpages/store-4.jpg]
[d-themes.com/html/riode/images/logo-footer.png]
[d-themes.com/html/riode/images/instagram/01.jpg]
[d-themes.com/html/riode/images/instagram/02.jpg]
[d-themes.com/html/riode/images/instagram/03.jpg]
[d-themes.com/html/riode/images/instagram/04.jpg]
[d-themes.com/html/riode/images/instagram/05.jpg]
[d-themes.com/html/riode/images/instagram/06.jpg]
[d-themes.com/html/riode/images/instagram/07.jpg]
[d-themes.com/html/riode/images/instagram/08.jpg]
[d-themes.com/html/riode/vendor/jquery.gmap/jquery.gmap.min.js]
[d-themes.com/html/riode/contact-us.html]
[d-themes.com/html/riode/ajax/login.html]
[d-themes.com/html/riode/images/products/product11.jpg]
[d-themes.com/html/riode/images/products/product12.jpg]
[d-themes.com/html/riode/images/products/product13.jpg]
[d-themes.com/html/riode/wishlist.html]
[d-themes.com/html/riode/images/product/product-1-1-580x652.jpg]
[d-themes.com/html/riode/images/product/product-1-2-580x652.jpg]
[d-themes.com/html/riode/images/product/product-1-3-580x652.jpg]
[d-themes.com/html/riode/images/product/product-1-4-580x652.jpg]
[d-themes.com/html/riode/images/product/product-1-1-109x122.jpg]
[d-themes.com/html/riode/images/product/product-1-2-109x122.jpg]
[d-themes.com/html/riode/images/product/product-1-3-109x122.jpg]
[d-themes.com/html/riode/images/product/product-1-4-109x122.jpg]
[d-themes.com/html/riode/images/product/product-thumb-prev.jpg]
[d-themes.com/html/riode/images/product/product-thumb-next.jpg]
[d-themes.com/html/riode/images/product/product.jpg]
[d-themes.com/html/riode/video/memory-of-a-woman.mp4]
[d-themes.com/html/riode/images/product/size_guide.png]
[d-themes.com/html/riode/images/blog/comments/1.jpg]
[d-themes.com/html/riode/images/blog/comments/2.jpg]
[d-themes.com/html/riode/images/product/featured1.jpg]
[d-themes.com/html/riode/images/product/featured2.jpg]
[d-themes.com/html/riode/images/product/featured3.jpg]
[d-themes.com/html/riode/images/product/featured4.jpg]
[d-themes.com/html/riode/vendor/sticky/sticky.min.js]
[d-themes.com/html/riode/vendor/photoswipe/photoswipe.min.js]
[d-themes.com/html/riode/vendor/photoswipe/photoswipe-ui-default.min.js]
[d-themes.com/html/riode/product.html]
[d-themes.com/html/riode/images/products/product18.jpg]
[d-themes.com/html/riode/images/products/product19.jpg]
[d-themes.com/html/riode/cart.html]
[d-themes.com/html/riode/checkout.html]
[d-themes.com/html/riode/images/demos/demo2/shop_banner.jpg]
[d-themes.com/html/riode/images/demos/demo2/products/13.jpg]
[d-themes.com/html/riode/images/demos/demo2/products/14.jpg]
[d-themes.com/html/riode/images/demos/demo2/products/15.jpg]
[d-themes.com/html/riode/images/demos/demo2/products/16.jpg]
[d-themes.com/html/riode/vendor/nouislider/nouislider.min.js]
[d-themes.com/html/riode/demo2-shop.html]
[d-themes.com/html/riode/images/shop/banner.jpg]
[d-themes.com/html/riode/images/shop/1.jpg]
[d-themes.com/html/riode/images/shop/2.jpg]
[d-themes.com/html/riode/images/shop/3.jpg]
[d-themes.com/html/riode/images/shop/4.jpg]
[d-themes.com/html/riode/images/shop/5.jpg]
[d-themes.com/html/riode/images/shop/6.jpg]
[d-themes.com/html/riode/images/shop/7.jpg]
[d-themes.com/html/riode/images/shop/8.jpg]
[d-themes.com/html/riode/images/shop/9.jpg]
[d-themes.com/html/riode/images/shop/10.jpg]
[d-themes.com/html/riode/images/shop/11.jpg]
[d-themes.com/html/riode/images/shop/12.jpg]
[d-themes.com/html/riode/shop-banner-sidebar.html]
[d-themes.com/html/riode/images/shop/banner2.jpg]
[d-themes.com/html/riode/shop-boxed-banner.html]
[d-themes.com/html/riode/images/shop/page-header-back.jpg]
[d-themes.com/html/riode/images/shop/13.jpg]
[d-themes.com/html/riode/images/shop/14.jpg]
[d-themes.com/html/riode/images/shop/15.jpg]
[d-themes.com/html/riode/shop-infinite-scroll.html]
[d-themes.com/html/riode/shop-horizontal-filter.html]
[d-themes.com/html/riode/shop-navigation-filter.html]
[d-themes.com/html/riode/shop-off-canvas.html]
[d-themes.com/html/riode/shop-right-sidebar.html]
[d-themes.com/html/riode/shop-grid-3cols.html]
[d-themes.com/html/riode/images/shop/16.jpg]
[d-themes.com/html/riode/images/shop/17.jpg]
[d-themes.com/html/riode/images/shop/18.jpg]
[d-themes.com/html/riode/images/shop/19.jpg]
[d-themes.com/html/riode/images/shop/20.jpg]
[d-themes.com/html/riode/images/shop/21.jpg]
[d-themes.com/html/riode/shop-grid-4cols.html]
[d-themes.com/html/riode/shop-grid-5cols.html]
[d-themes.com/html/riode/shop-grid-6cols.html]
[d-themes.com/html/riode/shop-grid-7cols.html]
[d-themes.com/html/riode/shop-grid-8cols.html]
[d-themes.com/html/riode/shop-list.html]
[d-themes.com/html/riode/images/demos/demo2/product/product-1-580x652.jpg]
[d-themes.com/html/riode/images/demos/demo2/product/product-2-580x652.jpg]
[d-themes.com/html/riode/images/demos/demo2/product/product-2-800x900.jpg]
[d-themes.com/html/riode/images/demos/demo2/product/product-3-580x652.jpg]
[d-themes.com/html/riode/images/demos/demo2/product/product-3-800x900.jpg]
[d-themes.com/html/riode/images/demos/demo2/product/product-4-580x652.jpg]
[d-themes.com/html/riode/images/demos/demo2/product/product-4-800x900.jpg]
[d-themes.com/html/riode/images/demos/demo2/product/product-5-580x652.jpg]
[d-themes.com/html/riode/images/demos/demo2/product/product-5-800x900.jpg]
[d-themes.com/html/riode/images/demos/demo2/product/product-1-109x122.jpg]
[d-themes.com/html/riode/images/demos/demo2/product/product-2-109x122.jpg]
[d-themes.com/html/riode/images/demos/demo2/product/product-3-109x122.jpg]
[d-themes.com/html/riode/images/demos/demo2/product/product-4-109x122.jpg]
[d-themes.com/html/riode/images/demos/demo2/product/product-5-109x122.jpg]
[d-themes.com/html/riode/images/demos/demo2/product/featured/1.jpg]
[d-themes.com/html/riode/images/demos/demo2/product/featured/2.jpg]
[d-themes.com/html/riode/images/demos/demo2/product/featured/3.jpg]
[d-themes.com/html/riode/images/demos/demo2/product/featured/4.jpg]
[d-themes.com/html/riode/demo2-product.html]
[d-themes.com/html/riode/images/product/product-2-1-580x652.jpg]
[d-themes.com/html/riode/images/product/product-2-2-580x652.jpg]
[d-themes.com/html/riode/images/product/product-2-3-580x652.jpg]
[d-themes.com/html/riode/images/product/product-2-4-580x652.jpg]
[d-themes.com/html/riode/images/product/product-2-1-109x122.jpg]
[d-themes.com/html/riode/images/product/product-2-2-109x122.jpg]
[d-themes.com/html/riode/images/product/product-2-3-109x122.jpg]
[d-themes.com/html/riode/images/product/product-2-4-109x122.jpg]
[d-themes.com/html/riode/product-simple.html]
[d-themes.com/html/riode/images/product/product-3-1-580x652.jpg]
[d-themes.com/html/riode/images/product/product-3-2-580x652.jpg]
[d-themes.com/html/riode/images/product/product-3-3-580x652.jpg]
[d-themes.com/html/riode/images/product/product-3-4-580x652.jpg]
[d-themes.com/html/riode/images/product/product-3-1-109x122.jpg]
[d-themes.com/html/riode/images/product/product-3-2-109x122.jpg]
[d-themes.com/html/riode/images/product/product-3-3-109x122.jpg]
[d-themes.com/html/riode/images/product/product-3-4-109x122.jpg]
[d-themes.com/html/riode/vendor/jquery.plugin/jquery.plugin.min.js]
[d-themes.com/html/riode/vendor/jquery.countdown/jquery.countdown.min.js]
[d-themes.com/html/riode/product-sale.html]
[d-themes.com/html/riode/images/product/product-4-1-580x652.jpg]
[d-themes.com/html/riode/images/product/product-4-2-580x652.jpg]
[d-themes.com/html/riode/images/product/product-4-3-580x652.jpg]
[d-themes.com/html/riode/images/product/product-4-4-580x652.jpg]
[d-themes.com/html/riode/images/product/product-4-1-109x122.jpg]
[d-themes.com/html/riode/images/product/product-4-2-109x122.jpg]
[d-themes.com/html/riode/images/product/product-4-3-109x122.jpg]
[d-themes.com/html/riode/images/product/product-4-4-109x122.jpg]
[d-themes.com/html/riode/product-featured.html]
[d-themes.com/html/riode/images/product/product-banner.jpg]
[d-themes.com/html/riode/images/shop/product-widget1.jpg]
[d-themes.com/html/riode/images/shop/product-widget2.jpg]
[d-themes.com/html/riode/images/shop/product-widget3.jpg]
[d-themes.com/html/riode/images/product/product-5-1-580x580.jpg]
[d-themes.com/html/riode/images/product/product-5-1-800x900.jpg]
[d-themes.com/html/riode/images/product/product-5-2-580x580.jpg]
[d-themes.com/html/riode/images/product/product-5-2-800x900.jpg]
[d-themes.com/html/riode/images/product/product-5-3-580x580.jpg]
[d-themes.com/html/riode/images/product/product-5-3-800x900.jpg]
[d-themes.com/html/riode/images/product/product-5-4-580x580.jpg]
[d-themes.com/html/riode/images/product/product-5-4-800x900.jpg]
[d-themes.com/html/riode/images/product/product-5-1-109x122.jpg]
[d-themes.com/html/riode/images/product/product-5-2-109x122.jpg]
[d-themes.com/html/riode/images/product/product-5-3-109x122.jpg]
[d-themes.com/html/riode/images/product/product-5-4-109x122.jpg]
[d-themes.com/html/riode/images/demos/demo7/products/big1.jpg]
[d-themes.com/html/riode/product-left-sidebar.html]
[d-themes.com/html/riode/images/product/product-6-1-580x580.jpg]
[d-themes.com/html/riode/images/product/product-6-1-800x900.jpg]
[d-themes.com/html/riode/images/product/product-6-2-580x580.jpg]
[d-themes.com/html/riode/images/product/product-6-2-800x900.jpg]
[d-themes.com/html/riode/images/product/product-6-3-580x580.jpg]
[d-themes.com/html/riode/images/product/product-6-3-800x900.jpg]
[d-themes.com/html/riode/images/product/product-6-4-580x580.jpg]
[d-themes.com/html/riode/images/product/product-6-4-800x900.jpg]
[d-themes.com/html/riode/images/product/product-6-1-109x122.jpg]
[d-themes.com/html/riode/images/product/product-6-2-109x122.jpg]
[d-themes.com/html/riode/images/product/product-6-3-109x122.jpg]
[d-themes.com/html/riode/images/product/product-6-4-109x122.jpg]
[d-themes.com/html/riode/product-right-sidebar.html]
[d-themes.com/html/riode/images/product/product-7-1-580x652.jpg]
[d-themes.com/html/riode/images/product/product-7-2-580x652.jpg]
[d-themes.com/html/riode/images/product/product-7-3-580x652.jpg]
[d-themes.com/html/riode/images/product/product-7-4-580x652.jpg]
[d-themes.com/html/riode/images/product/product-7-1-109x122.jpg]
[d-themes.com/html/riode/images/product/product-7-2-109x122.jpg]
[d-themes.com/html/riode/images/product/product-7-3-109x122.jpg]
[d-themes.com/html/riode/images/product/product-7-4-109x122.jpg]
[d-themes.com/html/riode/images/product/product-1-600x675.jpg]
[d-themes.com/html/riode/product-sticky-cart.html]
[d-themes.com/html/riode/images/product/product-8-1-580x580.jpg]
[d-themes.com/html/riode/images/product/product-8-2-580x580.jpg]
[d-themes.com/html/riode/images/product/product-8-3-580x580.jpg]
[d-themes.com/html/riode/images/product/product-8-4-580x580.jpg]
[d-themes.com/html/riode/images/product/product-8-1-137x137.jpg]
[d-themes.com/html/riode/images/product/product-8-2-137x137.jpg]
[d-themes.com/html/riode/images/product/product-8-3-137x137.jpg]
[d-themes.com/html/riode/images/product/product-8-4-137x137.jpg]
[d-themes.com/html/riode/product-tabinside.html]
[d-themes.com/html/riode/images/product/product-9-1-580x580.jpg]
[d-themes.com/html/riode/images/product/product-9-2-580x580.jpg]
[d-themes.com/html/riode/images/product/product-9-3-580x580.jpg]
[d-themes.com/html/riode/images/product/product-9-4-580x580.jpg]
[d-themes.com/html/riode/product-grid.html]
[d-themes.com/html/riode/images/product/product-10-1-580x652.jpg]
[d-themes.com/html/riode/images/product/product-10-2-230x258.jpg]
[d-themes.com/html/riode/images/product/product-10-3-330x371.jpg]
[d-themes.com/html/riode/images/product/product-10-4-230x258.jpg]
[d-themes.com/html/riode/images/product/product-10-5-330x371.jpg]
[d-themes.com/html/riode/product-masonry.html]
[d-themes.com/html/riode/images/product/product-11-1-580x652.jpg]
[d-themes.com/html/riode/images/product/product-11-2-580x652.jpg]
[d-themes.com/html/riode/images/product/product-11-3-580x652.jpg]
[d-themes.com/html/riode/product-gallery.html]
[d-themes.com/html/riode/images/product/product-12-1-580x580.jpg]
[d-themes.com/html/riode/images/product/product-12-1-800x900.jpg]
[d-themes.com/html/riode/images/product/product-12-2-580x580.jpg]
[d-themes.com/html/riode/images/product/product-12-2-800x900.jpg]
[d-themes.com/html/riode/images/product/product-12-3-580x580.jpg]
[d-themes.com/html/riode/images/product/product-12-3-800x900.jpg]
[d-themes.com/html/riode/images/product/product-12-4-580x580.jpg]
[d-themes.com/html/riode/images/product/product-12-4-800x900.jpg]
[d-themes.com/html/riode/images/product/product-12-1-137x137.jpg]
[d-themes.com/html/riode/images/product/product-12-2-137x137.jpg]
[d-themes.com/html/riode/images/product/product-12-3-137x137.jpg]
[d-themes.com/html/riode/images/product/product-12-4-137x137.jpg]
[d-themes.com/html/riode/product-full.html]
[d-themes.com/html/riode/images/product/product-13-1-580x580.jpg]
[d-themes.com/html/riode/images/product/product-13-2-580x580.jpg]
[d-themes.com/html/riode/images/product/product-13-3-580x580.jpg]
[d-themes.com/html/riode/images/product/product-13-4-580x580.jpg]
[d-themes.com/html/riode/product-sticky.html]
[d-themes.com/html/riode/images/product/product-14-1-580x580.jpg]
[d-themes.com/html/riode/images/product/product-14-2-580x580.jpg]
[d-themes.com/html/riode/images/product/product-14-3-580x580.jpg]
[d-themes.com/html/riode/images/product/product-14-4-580x580.jpg]
[d-themes.com/html/riode/product-sticky-both.html]
[d-themes.com/html/riode/images/product/product-15-1-580x580.jpg]
[d-themes.com/html/riode/images/product/product-15-2-580x580.jpg]
[d-themes.com/html/riode/images/product/product-15-3-580x580.jpg]
[d-themes.com/html/riode/images/product/product-15-4-580x580.jpg]
[d-themes.com/html/riode/images/product/product-15-1-137x137.jpg]
[d-themes.com/html/riode/images/product/product-15-2-137x137.jpg]
[d-themes.com/html/riode/images/product/product-15-3-137x137.jpg]
[d-themes.com/html/riode/images/product/product-15-4-137x137.jpg]
[d-themes.com/html/riode/product-horizontal.html]
[d-themes.com/html/riode/images/page-header/about-us.jpg]
[d-themes.com/html/riode/images/subpages/customer.jpg]
[d-themes.com/html/riode/images/subpages/store.jpg]
[d-themes.com/html/riode/images/brands/1.png]
[d-themes.com/html/riode/images/brands/2.png]
[d-themes.com/html/riode/images/brands/3.png]
[d-themes.com/html/riode/images/brands/4.png]
[d-themes.com/html/riode/images/brands/5.png]
[d-themes.com/html/riode/images/brands/6.png]
[d-themes.com/html/riode/images/subpages/team1.jpg]
[d-themes.com/html/riode/images/subpages/team2.jpg]
[d-themes.com/html/riode/images/subpages/team3.jpg]
[d-themes.com/html/riode/images/subpages/team4.jpg]
[d-themes.com/html/riode/vendor/jquery.count-to/jquery.count-to.min.js]
[d-themes.com/html/riode/about-us.html]
[d-themes.com/html/riode/account.html]
[d-themes.com/html/riode/images/page-header/faq.jpg]
[d-themes.com/html/riode/vendor/parallax/parallax.min.js]
[d-themes.com/html/riode/faq.html]
[d-themes.com/html/riode/images/subpages/404.png]
[d-themes.com/html/riode/error-404.html]
[d-themes.com/html/riode/images/subpages/coming-soon.jpg]
[d-themes.com/html/riode/coming-soon.html]
[d-themes.com/html/riode/images/products/product1.jpg]
[d-themes.com/html/riode/images/products/product2.jpg]
[d-themes.com/html/riode/images/products/product3.jpg]
[d-themes.com/html/riode/images/products/product4.jpg]
[d-themes.com/html/riode/images/products/product5.jpg]
[d-themes.com/html/riode/images/products/product6.jpg]
[d-themes.com/html/riode/images/products/product7.jpg]
[d-themes.com/html/riode/images/products/product8.jpg]
[d-themes.com/html/riode/images/products/product9.jpg]
[d-themes.com/html/riode/images/products/product10.jpg]
[d-themes.com/html/riode/images/products/product14.jpg]
[d-themes.com/html/riode/element-products.html]
[d-themes.com/html/riode/element-typography.html]
[d-themes.com/html/riode/element-titles.html]
[d-themes.com/html/riode/images/categories/category1.jpg]
[d-themes.com/html/riode/images/categories/category2.jpg]
[d-themes.com/html/riode/images/categories/category3.jpg]
[d-themes.com/html/riode/images/categories/category4.jpg]
[d-themes.com/html/riode/images/categories/category1.png]
[d-themes.com/html/riode/images/categories/category2.png]
[d-themes.com/html/riode/images/categories/category3.png]
[d-themes.com/html/riode/images/categories/category4.png]
[d-themes.com/html/riode/images/categories/category5.png]
[d-themes.com/html/riode/images/categories/category5.jpg]
[d-themes.com/html/riode/images/categories/category6.jpg]
[d-themes.com/html/riode/images/categories/category7.jpg]
[d-themes.com/html/riode/images/categories/category8.jpg]
[d-themes.com/html/riode/images/categories/category13.jpg]
[d-themes.com/html/riode/images/categories/category14.jpg]
[d-themes.com/html/riode/images/categories/category15.jpg]
[d-themes.com/html/riode/images/categories/category9.jpg]
[d-themes.com/html/riode/images/categories/category10.jpg]
[d-themes.com/html/riode/images/categories/category11.jpg]
[d-themes.com/html/riode/images/categories/category12.jpg]
[d-themes.com/html/riode/images/categories/category16.jpg]
[d-themes.com/html/riode/images/categories/category17.jpg]
[d-themes.com/html/riode/images/categories/category18.jpg]
[d-themes.com/html/riode/element-categories.html]
[d-themes.com/html/riode/images/buttons/banner.jpg]
[d-themes.com/html/riode/element-buttons.html]
[d-themes.com/html/riode/element-accordions.html]
[d-themes.com/html/riode/element-alerts.html]
[d-themes.com/html/riode/element-tabs.html]
[d-themes.com/html/riode/images/agents/1.jpg]
[d-themes.com/html/riode/images/agents/2.jpg]
[d-themes.com/html/riode/images/agents/3.jpg]
[d-themes.com/html/riode/images/agents/4.jpg]
[d-themes.com/html/riode/images/agents/5.jpg]
[d-themes.com/html/riode/images/banner.jpg]
[d-themes.com/html/riode/element-testimonials.html]
[d-themes.com/html/riode/images/blog/element/1.jpg]
[d-themes.com/html/riode/images/blog/element/2.jpg]
[d-themes.com/html/riode/images/blog/element/3.jpg]
[d-themes.com/html/riode/images/blog/element/4.jpg]
[d-themes.com/html/riode/images/blog/element/5.jpg]
[d-themes.com/html/riode/images/blog/element/6.jpg]
[d-themes.com/html/riode/images/blog/element/7.jpg]
[d-themes.com/html/riode/images/blog/element/8.jpg]
[d-themes.com/html/riode/images/blog/element/9.jpg]
[d-themes.com/html/riode/images/blog/mask/1.jpg]
[d-themes.com/html/riode/images/blog/mask/2.jpg]
[d-themes.com/html/riode/images/blog/mask/3.jpg]
[d-themes.com/html/riode/images/blog/frame/1.jpg]
[d-themes.com/html/riode/images/blog/frame/2.jpg]
[d-themes.com/html/riode/images/blog/frame/3.jpg]
[d-themes.com/html/riode/element-blog-posts.html]
[d-themes.com/html/riode/images/instagram/1.jpg]
[d-themes.com/html/riode/images/instagram/2.jpg]
[d-themes.com/html/riode/images/instagram/3.jpg]
[d-themes.com/html/riode/images/instagram/4.jpg]
[d-themes.com/html/riode/images/instagram/5.jpg]
[d-themes.com/html/riode/images/instagram/6.jpg]
[d-themes.com/html/riode/images/instagram/7.jpg]
[d-themes.com/html/riode/images/instagram/8.jpg]
[d-themes.com/html/riode/images/instagram/9.jpg]
[d-themes.com/html/riode/images/instagram/10.jpg]
[d-themes.com/html/riode/images/instagram/11.jpg]
[d-themes.com/html/riode/images/instagram/12.jpg]
[d-themes.com/html/riode/images/instagram/13.jpg]
[d-themes.com/html/riode/images/instagram/14.jpg]
[d-themes.com/html/riode/images/instagram/15.jpg]
[d-themes.com/html/riode/images/instagram/16.jpg]
[d-themes.com/html/riode/images/instagram/17.jpg]
[d-themes.com/html/riode/images/instagram/18.jpg]
[d-themes.com/html/riode/images/instagram/19.jpg]
[d-themes.com/html/riode/images/instagram/20.jpg]
[d-themes.com/html/riode/element-instagrams.html]
[d-themes.com/html/riode/images/cta/1.jpg]
[d-themes.com/html/riode/images/cta/2.jpg]
[d-themes.com/html/riode/images/demos/demo1/banners/banner1.jpg]
[d-themes.com/html/riode/images/demos/demo1/banners/banner2.jpg]
[d-themes.com/html/riode/images/demos/demo1/banners/banner3.jpg]
[d-themes.com/html/riode/images/demos/demo1/parallax.jpg]
[d-themes.com/html/riode/element-cta.html]
[d-themes.com/html/riode/element-icon-boxes.html]
[d-themes.com/html/riode/element-icons.html]
[d-themes.com/html/riode/images/blog/1_lg.jpg]
[d-themes.com/html/riode/images/blog/2_lg.jpg]
[d-themes.com/html/riode/images/blog/3_lg.jpg]
[d-themes.com/html/riode/images/blog/4_lg.jpg]
[d-themes.com/html/riode/images/blog/1_xs.jpg]
[d-themes.com/html/riode/images/blog/2_xs.jpg]
[d-themes.com/html/riode/images/blog/3_xs.jpg]
[d-themes.com/html/riode/blog-classic.html]
[d-themes.com/html/riode/images/blog/list/1.jpg]
[d-themes.com/html/riode/images/blog/list/2.jpg]
[d-themes.com/html/riode/images/blog/list/3.jpg]
[d-themes.com/html/riode/images/blog/list/4.jpg]
[d-themes.com/html/riode/images/blog/list/5.jpg]
[d-themes.com/html/riode/images/blog/list/6.jpg]
[d-themes.com/html/riode/blog-listing.html]
[d-themes.com/html/riode/images/blog/2col/1.jpg]
[d-themes.com/html/riode/images/blog/2col/2.jpg]
[d-themes.com/html/riode/images/blog/2col/3.jpg]
[d-themes.com/html/riode/images/blog/2col/4.jpg]
[d-themes.com/html/riode/images/blog/2col/5.jpg]
[d-themes.com/html/riode/images/blog/2col/6.jpg]
[d-themes.com/html/riode/blog-grid-2col.html]
[d-themes.com/html/riode/images/blog/3col/1.jpg]
[d-themes.com/html/riode/images/blog/3col/2.jpg]
[d-themes.com/html/riode/images/blog/3col/3.jpg]
[d-themes.com/html/riode/images/blog/3col/4.jpg]
[d-themes.com/html/riode/images/blog/3col/5.jpg]
[d-themes.com/html/riode/images/blog/3col/6.jpg]
[d-themes.com/html/riode/blog-grid-3col.html]
[d-themes.com/html/riode/blog-grid-4col.html]
[d-themes.com/html/riode/images/blog/sidebar/1.jpg]
[d-themes.com/html/riode/images/blog/sidebar/2.jpg]
[d-themes.com/html/riode/images/blog/sidebar/3.jpg]
[d-themes.com/html/riode/images/blog/sidebar/4.jpg]
[d-themes.com/html/riode/images/blog/sidebar/5.jpg]
[d-themes.com/html/riode/images/blog/sidebar/6.jpg]
[d-themes.com/html/riode/blog-grid-sidebar.html]
[d-themes.com/html/riode/images/blog/masonry/2col/1.jpg]
[d-themes.com/html/riode/images/blog/masonry/2col/2.jpg]
[d-themes.com/html/riode/images/blog/masonry/2col/3.jpg]
[d-themes.com/html/riode/images/blog/masonry/2col/4.jpg]
[d-themes.com/html/riode/images/blog/masonry/2col/5.jpg]
[d-themes.com/html/riode/images/blog/masonry/2col/6.jpg]
[d-themes.com/html/riode/blog-masonry-2col.html]
[d-themes.com/html/riode/images/blog/masonry/3col/1.jpg]
[d-themes.com/html/riode/images/blog/masonry/3col/2.jpg]
[d-themes.com/html/riode/images/blog/masonry/3col/3.jpg]
[d-themes.com/html/riode/images/blog/masonry/3col/4.jpg]
[d-themes.com/html/riode/images/blog/masonry/3col/6.jpg]
[d-themes.com/html/riode/images/blog/masonry/3col/5.jpg]
[d-themes.com/html/riode/blog-masonry-3col.html]
[d-themes.com/html/riode/images/blog/masonry/4col/1.jpg]
[d-themes.com/html/riode/images/blog/masonry/4col/2.jpg]
[d-themes.com/html/riode/images/blog/masonry/4col/3.jpg]
[d-themes.com/html/riode/images/blog/masonry/4col/4.jpg]
[d-themes.com/html/riode/images/blog/masonry/4col/5.jpg]
[d-themes.com/html/riode/images/blog/masonry/4col/6.jpg]
[d-themes.com/html/riode/blog-masonry-4col.html]
[d-themes.com/html/riode/images/blog/masonry/sidebar/1.jpg]
[d-themes.com/html/riode/images/blog/masonry/sidebar/2.jpg]
[d-themes.com/html/riode/images/blog/masonry/sidebar/3.jpg]
[d-themes.com/html/riode/images/blog/masonry/sidebar/4.jpg]
[d-themes.com/html/riode/images/blog/masonry/sidebar/5.jpg]
[d-themes.com/html/riode/images/blog/masonry/sidebar/6.jpg]
[d-themes.com/html/riode/blog-masonry-sidebar.html]
[d-themes.com/html/riode/images/blog/mask/4.jpg]
[d-themes.com/html/riode/images/blog/mask/5.jpg]
[d-themes.com/html/riode/images/blog/mask/6.jpg]
[d-themes.com/html/riode/blog-mask-grid.html]
[d-themes.com/html/riode/images/blog/mask/masonry/1.jpg]
[d-themes.com/html/riode/images/blog/mask/masonry/2.jpg]
[d-themes.com/html/riode/images/blog/mask/masonry/3.jpg]
[d-themes.com/html/riode/images/blog/mask/masonry/4.jpg]
[d-themes.com/html/riode/images/blog/mask/masonry/6.jpg]
[d-themes.com/html/riode/images/blog/mask/masonry/5.jpg]
[d-themes.com/html/riode/blog-mask-masonry.html]
[d-themes.com/html/riode/images/blog/single/1.jpg]
[d-themes.com/html/riode/images/blog/single/2.jpg]
[d-themes.com/html/riode/images/blog/single/3.jpg]
[d-themes.com/html/riode/images/blog/single/4.jpg]
[d-themes.com/html/riode/images/blog/single/5.jpg]
[d-themes.com/html/riode/post-single.html]
[d-themes.com/html/riode/vendor/fontawesome-free/webfonts/fa-brands-400.svg]
[d-themes.com/html/riode/vendor/fontawesome-free/webfonts/fa-regular-400.svg]
[d-themes.com/html/riode/vendor/fontawesome-free/webfonts/fa-solid-900.svg]
[d-themes.com/html/riode/vendor/owl-carousel/owl.video.play.html]
[d-themes.com/html/images/nav-prev-shadow.html]
[d-themes.com/html/images/nav-next-shadow.html]
[d-themes.com/html/riode/fonts/riode115b.html]
[d-themes.com/html/riode/images/elements.png]
[d-themes.com/html/riode/css/style.min.css]
[d-themes.com/html/riode/images/demos/demo1/slides/slide1.jpg]
[d-themes.com/html/riode/images/demos/demo1/slides/slide2.jpg]
[d-themes.com/html/riode/images/demos/demo1/products/product1.jpg]
[d-themes.com/html/riode/images/demos/demo1/products/product2.jpg]
[d-themes.com/html/riode/images/demos/demo1/products/product3.jpg]
[d-themes.com/html/riode/images/demos/demo1/products/product4.jpg]
[d-themes.com/html/riode/images/demos/demo1/products/product5.jpg]
[d-themes.com/html/riode/images/demos/demo1/products/product6.jpg]
[d-themes.com/html/riode/images/demos/demo1/products/product7.jpg]
[d-themes.com/html/riode/images/demos/demo1/products/product8.jpg]
[d-themes.com/html/riode/images/demos/demo1/products/product9.jpg]
[d-themes.com/html/riode/images/demos/demo1/products/product10.jpg]
[d-themes.com/html/riode/images/demos/demo1/products/product11.jpg]
[d-themes.com/html/riode/images/demos/demo1/products/product12.jpg]
[d-themes.com/html/riode/images/demos/demo1/products/product13.jpg]
[d-themes.com/html/riode/images/demos/demo1/products/product14.jpg]
[d-themes.com/html/riode/images/demos/demo1/products/product15.jpg]
[d-themes.com/html/riode/images/demos/demo1/products/product16.jpg]
[d-themes.com/html/riode/images/demos/demo1/products/product17.jpg]
[d-themes.com/html/riode/images/demos/demo1/products/product18.jpg]
[d-themes.com/html/riode/images/demos/demo1/products/product19.jpg]
[d-themes.com/html/riode/images/demos/demo1/products/product20.jpg]
[d-themes.com/html/riode/images/demos/demo1/products/product21.jpg]
[d-themes.com/html/riode/demo1.html]
[d-themes.com/html/riode/shop.html]
[d-themes.com/html/riode/product-left-sidebar-2.html]
[d-themes.com/html/riode/vendor/photoswipe/default-skin/default-skin.png]
[d-themes.com/html/riode/vendor/photoswipe/photoswipe.min.css]
[d-themes.com/html/riode/vendor/photoswipe/default-skin/preloader.gif]
[d-themes.com/html/riode/vendor/photoswipe/default-skin/default-skin.min.css]
[d-themes.com/html/riode/shop-grid-3col.html]
[d-themes.com/html/riode/order.html]
[d-themes.com/html/riode/vendor/nouislider/nouislider.min.css]
[d-themes.com/html/riode/login.html]
[d-themes.com/html/riode/element-banners.html]
[d-themes.com/html/riode/css/demo1.min.css]
[d-themes.com/html/riode/vendor/photoswipe/default-skin/default-skin.svg]
